// Jest Snapshot v1, https://goo.gl/fbAQLP

exports[`<Checkout /> should render Checkout 1`] = `
<div>
  <div
    className="CheckoutSummary"
  >
    <h1>
      We hope it tastes well!
    </h1>
    <div
      style={
        Object {
          "margin": "auto",
          "width": "100%",
        }
      }
    >
      <div
        className="Burger"
      >
        <div
          className="BreadTop"
        >
          <div
            className="Seeds1"
          />
          <div
            className="Seeds2"
          />
        </div>
        <p>
          Please start adding ingredients
        </p>
        <div
          className="BreadBottom"
        />
      </div>
    </div>
    <button
      className="Button Danger"
      onClick={[Function]}
    >
      CANCEL
    </button>
    <button
      className="Button Success"
      onClick={[Function]}
    >
      CONTINUE
    </button>
  </div>
</div>
`;
