// Jest Snapshot v1, https://goo.gl/fbAQLP

exports[`<BuildControls /> should render BuildControls 1`] = `
<div
  className="BuildControls"
>
  <p>
    Current Price: 
    <strong>
      50.00
    </strong>
  </p>
  <buildControl
    added={[Function]}
    disabled={true}
    key="Salad"
    label="Salad"
    removed={[Function]}
  />
  <buildControl
    added={[Function]}
    disabled={false}
    key="Bacon"
    label="Bacon"
    removed={[Function]}
  />
  <buildControl
    added={[Function]}
    disabled={false}
    key="Cheese"
    label="Cheese"
    removed={[Function]}
  />
  <buildControl
    added={[Function]}
    disabled={true}
    key="Meat"
    label="Meat"
    removed={[Function]}
  />
  <button
    className="OrderButton"
    disabled={true}
  >
    ORDER NOW
  </button>
</div>
`;
