// Jest Snapshot v1, https://goo.gl/fbAQLP

exports[`<CheckoutSummary /> should render CheckoutSummary 1`] = `
<div
  className="CheckoutSummary"
>
  <h1>
    We hope it tastes well!
  </h1>
  <div
    style={
      Object {
        "margin": "auto",
        "width": "100%",
      }
    }
  >
    <burger />
  </div>
  <button
    btnType="Danger"
  >
    CANCEL
  </button>
  <button
    btnType="Success"
  >
    CONTINUE
  </button>
</div>
`;
