// Jest Snapshot v1, https://goo.gl/fbAQLP

exports[`<App /> should render a default App 1`] = `
<div>
  <layout>
    <Switch>
      <Route
        component={
          Object {
            "$$typeof": Symbol(react.memo),
            "WrappedComponent": [Function],
            "compare": null,
            "displayName": "Connect(Checkout)",
            "type": [Function],
          }
        }
        path="/checkout"
      />
      <Route
        component={[Function]}
        path="/orders"
      />
      <Route
        component={
          Object {
            "$$typeof": Symbol(react.memo),
            "WrappedComponent": [Function],
            "compare": null,
            "displayName": "Connect(_temp)",
            "type": [Function],
          }
        }
        exact={true}
        path="/"
      />
    </Switch>
  </layout>
</div>
`;
